[themesflat.com/html/charry/index.html]
[backblue.gif]
[fade.gif]
[index.html]
[themesflat.com/html/charry/stylesheets/bootstrap.css]
[themesflat.com/html/charry/stylesheets/style.css]
[themesflat.com/html/charry/stylesheets/responsive.css]
[themesflat.com/html/charry/stylesheets/revolution-slider.css]
[themesflat.com/html/charry/stylesheets/animate.css]
[themesflat.com/html/charry/icon/apple-touch-icon-48-precomposed.png]
[themesflat.com/html/charry/icon/apple-touch-icon-32-precomposed.png]
[themesflat.com/html/charry/icon/favicon.png]
[themesflat.com/html/charry/index-2.html]
[themesflat.com/html/charry/images/logo.png]
[themesflat.com/html/charry/index-v2.html]
[themesflat.com/html/charry/index-v3.html]
[themesflat.com/html/charry/index-v4.html]
[themesflat.com/html/charry/index-v5.html]
[themesflat.com/html/charry/about.html]
[themesflat.com/html/charry/programs.html]
[themesflat.com/html/charry/causes.html]
[themesflat.com/html/charry/gallery.html]
[themesflat.com/html/charry/blog.html]
[themesflat.com/html/charry/blog-single.html]
[themesflat.com/html/charry/contact.html]
[themesflat.com/html/charry/images/slides/1.jpg]
[themesflat.com/html/charry/images/slides/2.jpg]
[themesflat.com/html/charry/images/slides/3.jpg]
[themesflat.com/html/charry/images/slides/5.jpg]
[themesflat.com/html/charry/images/slides/4.jpg]
[themesflat.com/html/charry/images/about/index-1/1.jpg]
[themesflat.com/html/charry/images/about/index-1/2.jpg]
[themesflat.com/html/charry/images/about/index-1/3.jpg]
[themesflat.com/html/charry/images/about/index-1/4.jpg]
[themesflat.com/html/charry/images/about/index-1/5.jpg]
[themesflat.com/html/charry/images/about/index-1/6.jpg]
[themesflat.com/html/charry/images/about/index-1/7.jpg]
[themesflat.com/html/charry/images/about/index-1/8.jpg]
[themesflat.com/html/charry/images/member/1.jpg]
[themesflat.com/html/charry/images/member/2.jpg]
[themesflat.com/html/charry/images/member/3.jpg]
[themesflat.com/html/charry/images/member/4.jpg]
[themesflat.com/html/charry/images/member/5.png]
[themesflat.com/html/charry/images/about/index-1/9.jpg]
[themesflat.com/html/charry/images/about/index-1/10.jpg]
[themesflat.com/html/charry/images/about/index-1/11.jpg]
[themesflat.com/html/charry/javascript/bootstrap.min.js]
[themesflat.com/html/charry/javascript/jquery.easing.js]
[themesflat.com/html/charry/javascript/jquery.min.js]
[themesflat.com/html/charry/javascript/jquery.sticky.js]
[themesflat.com/html/charry/javascript/jquery.flexslider.js]
[themesflat.com/html/charry/javascript/owl.carousel.js]
[themesflat.com/html/charry/javascript/imagesloaded.min.js]
[themesflat.com/html/charry/javascript/jquery-countTo.js]
[themesflat.com/html/charry/javascript/jquery-waypoints.js]
[themesflat.com/html/charry/javascript/jquery.isotope.min.js]
[themesflat.com/html/charry/javascript/smoothscroll.js]
[themesflat.com/html/charry/javascript/jquery.cookie.js]
[themesflat.com/html/charry/javascript/switcher.js]
[themesflat.com/html/charry/javascript/main.js]
[themesflat.com/html/charry/index.html]
[themesflat.com/html/charry/javascript/slider.js]
[themesflat.com/html/charry/fonts/glyphicons-halflings-regular.eot]
[themesflat.com/html/charry/fonts/glyphicons-halflings-regulard41d.eot]
[themesflat.com/html/charry/fonts/glyphicons-halflings-regular.woff2]
[themesflat.com/html/charry/fonts/glyphicons-halflings-regular.woff]
[themesflat.com/html/charry/fonts/glyphicons-halflings-regular.ttf]
[themesflat.com/html/charry/javascript/jquery.themepunch.revolution.min.js]
[themesflat.com/html/charry/fonts/glyphicons-halflings-regular.svg]
[themesflat.com/html/charry/stylesheets/bootstrap.css]
[themesflat.com/html/charry/javascript/jquery.themepunch.tools.min.js]
[themesflat.com/html/charry/stylesheets/font-awesome.css]
[themesflat.com/html/charry/stylesheets/simple-line-icons.css]
[themesflat.com/html/charry/stylesheets/flexslider.css]
[themesflat.com/html/charry/stylesheets/owl.carousel.css]
[themesflat.com/html/charry/fonts/MyriadPro-Regular.eot]
[themesflat.com/html/charry/stylesheets/shortcodes.css]
[themesflat.com/html/charry/fonts/MyriadPro-Regulard41d.eot]
[themesflat.com/html/charry/fonts/MyriadPro-Regular.woff]
[themesflat.com/html/charry/fonts/MyriadPro-Regular.woff2]
[themesflat.com/html/charry/fonts/MyriadPro-Regular.ttf]
[themesflat.com/html/charry/images/arrow.png]
[themesflat.com/html/charry/images/parallax/bg-parallax1.jpg]
[themesflat.com/html/charry/images/parallax/bg-parallax2.jpg]
[themesflat.com/html/charry/images/parallax/bg-parallax3.jpg]
[themesflat.com/html/charry/images/parallax/bg-parallax5.jpg]
[themesflat.com/html/charry/images/parallax/bg-parallax4.jpg]
[themesflat.com/html/charry/images/parallax/bg-parallax6.jpg]
[themesflat.com/html/charry/images/parallax/bg-parallax7.jpg]
[themesflat.com/html/charry/images/parallax/bg-parallax8.jpg]
[themesflat.com/html/charry/images/parallax/bg-parallax9.jpg]
[themesflat.com/html/charry/images/parallax/bg-parallax10.jpg]
[themesflat.com/html/charry/images/parallax/bg-parallax11.jpg]
[themesflat.com/html/charry/images/parallax/bg-parallax12.jpg]
[themesflat.com/html/charry/images/parallax/bg-parallax13.jpg]
[themesflat.com/html/charry/images/parallax/bg-parallax14.jpg]
[themesflat.com/html/charry/stylesheets/style.css]
[themesflat.com/html/charry/images/icon/sub@2x.5b.delayed]
[themesflat.com/html/charry/images/icon/add@2x.png]
[themesflat.com/html/charry/stylesheets/responsive.css]
[themesflat.com/html/img/revolution-slider/gradient/g30.png]
[themesflat.com/html/img/revolution-slider/gradient/g40.png]
[themesflat.com/html/assets/revolution-slider/shadow1.png]
[themesflat.com/html/assets/revolution-slider/shadow2.png]
[themesflat.com/html/assets/revolution-slider/shadow3.png]
[themesflat.com/html/assets/revolution-slider/gridtile.png]
[themesflat.com/html/assets/revolution-slider/gridtile_white.png]
[themesflat.com/html/assets/revolution-slider/gridtile_3x3.png]
[themesflat.com/html/assets/revolution-slider/gridtile_3x3_white.png]
[themesflat.com/html/assets/revolution-slider/boxed_bgtile.png]
[themesflat.com/html/assets/revolution-slider/navigdots_bgtile.png]
[themesflat.com/html/assets/revolution-slider/bullet.png]
[themesflat.com/html/assets/revolution-slider/bullets.png]
[themesflat.com/html/assets/revolution-slider/bullets2.png]
[themesflat.com/html/assets/revolution-slider/bullet_boxed.png]
[themesflat.com/html/assets/revolution-slider/navigdots.png]
[themesflat.com/html/assets/revolution-slider/small_left.png]
[themesflat.com/html/assets/revolution-slider/small_right.png]
[themesflat.com/html/assets/revolution-slider/arrow_left.png]
[themesflat.com/html/assets/revolution-slider/arrow_right.png]
[themesflat.com/html/assets/revolution-slider/small_left_boxed.png]
[themesflat.com/html/assets/revolution-slider/small_right_boxed.png]
[themesflat.com/html/assets/revolution-slider/arrowleft.png]
[themesflat.com/html/assets/revolution-slider/arrowright.png]
[themesflat.com/html/charry/images/slides/timer.png]
[themesflat.com/html/assets/revolution-slider/coloredbg.png]
[themesflat.com/html/assets/revolution-slider/loader.gif]
[themesflat.com/html/charry/font/revicons90c690c6.eot]
[themesflat.com/html/charry/font/revicons90c690c6.woff]
[themesflat.com/html/charry/font/revicons90c690c6.ttf]
[themesflat.com/html/charry/font/revicons90c690c6.svg]
[themesflat.com/html/charry/stylesheets/revolution-slider.css]
[themesflat.com/html/charry/stylesheets/colors/color1.css]
[themesflat.com/html/charry/stylesheets/animate.css]
[themesflat.com/html/charry/icon/apple-touch-icon-48-precomposed.html]
[themesflat.com/html/charry/icon/apple-touch-icon-32-precomposed.html]
[themesflat.com/html/charry/index-2.html]
[themesflat.com/html/charry/images/about/index-2/1.jpg]
[themesflat.com/html/charry/images/about/index-2/2.jpg]
[themesflat.com/html/charry/images/about/index-2/3.jpg]
[themesflat.com/html/charry/images/about/index-2/4.jpg]
[themesflat.com/html/charry/images/about/index-2/5.jpg]
[themesflat.com/html/charry/images/about/index-2/6.jpg]
[themesflat.com/html/charry/images/about/index-2/7.jpg]
[themesflat.com/html/charry/index-v2.html]
[themesflat.com/html/charry/images/about/index-3/1.jpg]
[themesflat.com/html/charry/images/portfolio/1.jpg]
[themesflat.com/html/charry/images/portfolio/2.jpg]
[themesflat.com/html/charry/images/portfolio/3.jpg]
[themesflat.com/html/charry/images/portfolio/4.jpg]
[themesflat.com/html/charry/images/portfolio/6.jpg]
[themesflat.com/html/charry/images/portfolio/5.jpg]
[themesflat.com/html/charry/images/portfolio/8.jpg]
[themesflat.com/html/charry/images/portfolio/7.jpg]
[themesflat.com/html/charry/index-v3.html]
[themesflat.com/html/charry/images/about/1.png]
[themesflat.com/html/charry/images/about/2.png]
[themesflat.com/html/charry/images/event/1.jpg]
[themesflat.com/html/charry/images/event/2.jpg]
[themesflat.com/html/charry/images/event/3.jpg]
[themesflat.com/html/charry/images/event/4.jpg]
[themesflat.com/html/charry/images/event/5.jpg]
[themesflat.com/html/charry/images/event/6.jpg]
[themesflat.com/html/charry/images/testimonials/1.jpg]
[themesflat.com/html/charry/javascript/jquery.countdown.js]
[themesflat.com/html/charry/index-v4.html]
[themesflat.com/html/charry/images/event/7.jpg]
[themesflat.com/html/charry/images/event/8.jpg]
[themesflat.com/html/charry/images/event/9.jpg]
[themesflat.com/html/charry/index-v5.html]
[themesflat.com/html/charry/images/about/1.jpg]
[themesflat.com/html/charry/images/member/6.jpg]
[themesflat.com/html/charry/images/clients/1.jpg]
[themesflat.com/html/charry/images/clients/2.jpg]
[themesflat.com/html/charry/images/clients/3.jpg]
[themesflat.com/html/charry/images/clients/4.jpg]
[themesflat.com/html/charry/images/clients/5.jpg]
[themesflat.com/html/charry/images/clients/6.jpg]
[themesflat.com/html/charry/images/clients/7.jpg]
[themesflat.com/html/charry/images/clients/8.jpg]
[themesflat.com/html/charry/about.html]
[themesflat.com/html/charry/images/member/7.jpg]
[themesflat.com/html/charry/images/member/8.jpg]
[themesflat.com/html/charry/programs.html]
[themesflat.com/html/charry/images/about/index-1/12.jpg]
[themesflat.com/html/charry/images/about/index-1/13.jpg]
[themesflat.com/html/charry/images/about/index-1/14.jpg]
[themesflat.com/html/charry/images/about/index-1/15.jpg]
[themesflat.com/html/charry/images/about/index-1/16.jpg]
[themesflat.com/html/charry/images/about/index-1/17.jpg]
[themesflat.com/html/charry/causes.html]
[themesflat.com/html/charry/images/portfolio/9.jpg]
[themesflat.com/html/charry/images/portfolio/11.jpg]
[themesflat.com/html/charry/images/portfolio/10.jpg]
[themesflat.com/html/charry/images/portfolio/13.jpg]
[themesflat.com/html/charry/images/portfolio/15.jpg]
[themesflat.com/html/charry/images/portfolio/12.jpg]
[themesflat.com/html/charry/images/portfolio/14.jpg]
[themesflat.com/html/charry/images/portfolio/17.jpg]
[themesflat.com/html/charry/images/portfolio/18.jpg]
[themesflat.com/html/charry/images/portfolio/16.jpg]
[themesflat.com/html/charry/gallery.html]
[themesflat.com/html/charry/images/blog/blog-1.jpg]
[themesflat.com/html/charry/images/blog/blog-2.jpg]
[themesflat.com/html/charry/images/blog/blog-3.jpg]
[themesflat.com/html/charry/images/blog/blog-4.jpg]
[themesflat.com/html/charry/images/blog/blog-5.jpg]
[themesflat.com/html/charry/images/blog/widget/1.jpg]
[themesflat.com/html/charry/images/blog/widget/2.jpg]
[themesflat.com/html/charry/images/blog/widget/3.jpg]
[themesflat.com/html/charry/images/flickr/1.jpg]
[themesflat.com/html/charry/images/flickr/2.jpg]
[themesflat.com/html/charry/images/flickr/3.jpg]
[themesflat.com/html/charry/images/flickr/4.jpg]
[themesflat.com/html/charry/images/flickr/5.jpg]
[themesflat.com/html/charry/images/flickr/6.jpg]
[themesflat.com/html/charry/images/flickr/7.jpg]
[themesflat.com/html/charry/images/flickr/8.jpg]
[themesflat.com/html/charry/blog.html]
[themesflat.com/html/charry/images/blog/single/1.jpg]
[themesflat.com/html/charry/images/blog/single/2.png]
[themesflat.com/html/charry/images/blog/single/3.png]
[themesflat.com/html/charry/images/blog/single/4.png]
[themesflat.com/html/charry/images/blog/single/5.png]
[themesflat.com/html/charry/blog-single.html]
[themesflat.com/html/charry/javascript/jquery-validate.js]
[themesflat.com/html/charry/contact.html]
[themesflat.com/html/charry/fonts/glyphicons-halflings-regular.html]
[themesflat.com/html/charry/fonts/glyphicons-halflings-regulard41d.html]
[themesflat.com/html/charry/fonts/glyphicons-halflings-regular-2.html]
[themesflat.com/html/charry/fonts/glyphicons-halflings-regular-3.html]
[themesflat.com/html/charry/fonts/glyphicons-halflings-regular-4.html]
[themesflat.com/html/charry/fonts/glyphicons-halflings-regular-5.html]
[themesflat.com/html/charry/fonts/fontawesome-webfont914c.eot]
[themesflat.com/html/charry/javascript/gmap3.min.js]
[themesflat.com/html/charry/fonts/fontawesome-webfontd41d.eot]
[themesflat.com/html/charry/fonts/fontawesome-webfont914c.woff]
[themesflat.com/html/charry/fonts/fontawesome-webfont914c.ttf]
[themesflat.com/html/charry/stylesheets/font-awesome.css]
[themesflat.com/html/charry/fonts/Simple-Line-Icons06c8.eot]
[themesflat.com/html/charry/fonts/fontawesome-webfont914c.woff2]
[themesflat.com/html/charry/fonts/Simple-Line-Icons06c8.ttf]
[themesflat.com/html/charry/fonts/Simple-Line-Icons06c8.woff2]
[themesflat.com/html/charry/fonts/Simple-Line-Icons06c8.woff]
[themesflat.com/html/charry/stylesheets/simple-line-icons.css]
[themesflat.com/html/charry/stylesheets/flexslider.css]
[themesflat.com/html/charry/stylesheets/owl.video.play.png]
[themesflat.com/html/charry/stylesheets/owl.carousel.css]
[themesflat.com/html/charry/images/testimonials/2.png]
[themesflat.com/html/charry/images/parallax/bg-countdown.jpg]
[themesflat.com/html/charry/stylesheets/shortcodes.css]
[themesflat.com/html/charry/fonts/MyriadPro-Regular.svg]
[themesflat.com/html/charry/images/icon/sub@2x.html]
[themesflat.com/html/charry/images/icon/add@2x.html]
[themesflat.com/html/img/revolution-slider/gradient/g30.html]
[themesflat.com/html/img/revolution-slider/gradient/g40.html]
[themesflat.com/html/assets/revolution-slider/shadow1.html]
[themesflat.com/html/assets/revolution-slider/shadow2.html]
[themesflat.com/html/assets/revolution-slider/shadow3.html]
[themesflat.com/html/assets/revolution-slider/gridtile.html]
[themesflat.com/html/assets/revolution-slider/gridtile_white.html]
[themesflat.com/html/assets/revolution-slider/gridtile_3x3.html]
[themesflat.com/html/assets/revolution-slider/gridtile_3x3_white.html]
[themesflat.com/html/assets/revolution-slider/boxed_bgtile.html]
[themesflat.com/html/assets/revolution-slider/navigdots_bgtile.html]
[themesflat.com/html/assets/revolution-slider/bullet.html]
[themesflat.com/html/assets/revolution-slider/bullets.html]
[themesflat.com/html/assets/revolution-slider/bullets2.html]
[themesflat.com/html/assets/revolution-slider/bullet_boxed.html]
[themesflat.com/html/assets/revolution-slider/navigdots.html]
[themesflat.com/html/assets/revolution-slider/small_left.html]
[themesflat.com/html/assets/revolution-slider/small_right.html]
[themesflat.com/html/assets/revolution-slider/arrow_left.html]
[themesflat.com/html/assets/revolution-slider/arrow_right.html]
[themesflat.com/html/assets/revolution-slider/small_left_boxed.html]
[themesflat.com/html/assets/revolution-slider/small_right_boxed.html]
[themesflat.com/html/assets/revolution-slider/arrowleft.html]
[themesflat.com/html/assets/revolution-slider/arrowright.html]
[themesflat.com/html/assets/revolution-slider/coloredbg.html]
[themesflat.com/html/assets/revolution-slider/loader.html]
[themesflat.com/html/charry/font/revicons90c690c6.html]
[themesflat.com/html/charry/font/revicons90c690c6-2.html]
[themesflat.com/html/charry/font/revicons90c690c6-3.html]
[themesflat.com/html/charry/font/revicons90c690c6-4.html]
[themesflat.com/html/charry/fonts/fontawesome-webfont914c.svg]
[themesflat.com/html/charry/fonts/Simple-Line-Icons06c8.svg]
[themesflat.com/html/charry/stylesheets/owl.video.play.html]
